{
  "checkedAt": "2026-06-07T08:00:01",
  "status": "no_change",
  "sourceTradeDate": "2026-06-05",
  "summary": {
    "tradeDate": "2026-06-05",
    "rank": 452,
    "latestNetWorth": 1.0232,
    "rankNetWorth": 1.00119,
    "totalNetWorth": 1.0232,
    "equity": 5015691.65,
    "netProfit": 113612.65,
    "riskDegree": 0.95952,
    "withrawalRate": 0.00108,
    "comprehensiveScore": 44.59,
    "rows": 21,
    "latestCurveDate": "2026-06-05 00:00:00",
    "latestCurveNetWorth": 1.0232
  },
  "changes": []
}
{
  "checkedAt": "2026-06-08T08:00:02",
  "status": "no_change",
  "sourceTradeDate": "2026-06-05",
  "summary": {
    "tradeDate": "2026-06-05",
    "rank": 452,
    "latestNetWorth": 1.0232,
    "rankNetWorth": 1.00119,
    "totalNetWorth": 1.0232,
    "equity": 5015691.65,
    "netProfit": 113612.65,
    "riskDegree": 0.95952,
    "withrawalRate": 0.00108,
    "comprehensiveScore": 44.59,
    "rows": 21,
    "latestCurveDate": "2026-06-05 00:00:00",
    "latestCurveNetWorth": 1.0232
  },
  "changes": []
}
{
  "checkedAt": "2026-06-09T08:00:02",
  "status": "changed",
  "sourceTradeDate": "2026-06-08",
  "summary": {
    "tradeDate": "2026-06-08",
    "rank": 346,
    "latestNetWorth": 1.02688,
    "rankNetWorth": 1.0036,
    "totalNetWorth": 1.02688,
    "equity": 5033736.22,
    "netProfit": 131657.22,
    "riskDegree": 0.88877,
    "withrawalRate": 0.00108,
    "comprehensiveScore": 45.469,
    "rows": 22,
    "latestCurveDate": "2026-06-08 00:00:00",
    "latestCurveNetWorth": 1.02688
  },
  "changes": [
    {
      "field": "tradeDate",
      "before": "2026-06-05",
      "after": "2026-06-08"
    },
    {
      "field": "rank",
      "before": 452,
      "after": 346
    },
    {
      "field": "latestNetWorth",
      "before": 1.0232,
      "after": 1.02688
    },
    {
      "field": "rankNetWorth",
      "before": 1.00119,
      "after": 1.0036
    },
    {
      "field": "totalNetWorth",
      "before": 1.0232,
      "after": 1.02688
    },
    {
      "field": "equity",
      "before": 5015691.65,
      "after": 5033736.22
    },
    {
      "field": "netProfit",
      "before": 113612.65,
      "after": 131657.22
    },
    {
      "field": "riskDegree",
      "before": 0.95952,
      "after": 0.88877
    },
    {
      "field": "comprehensiveScore",
      "before": 44.59,
      "after": 45.469
    },
    {
      "field": "rows",
      "before": 21,
      "after": 22
    },
    {
      "field": "latestCurveDate",
      "before": "2026-06-05 00:00:00",
      "after": "2026-06-08 00:00:00"
    },
    {
      "field": "latestCurveNetWorth",
      "before": 1.0232,
      "after": 1.02688
    }
  ]
}
{
  "checkedAt": "2026-06-10T08:00:02",
  "status": "no_change",
  "sourceTradeDate": "2026-06-09",
  "summary": {
    "tradeDate": "2026-06-09",
    "rank": 356,
    "latestNetWorth": 1.02476,
    "rankNetWorth": 0.99794,
    "totalNetWorth": 1.02476,
    "equity": 5023370.52,
    "netProfit": 121291.52,
    "riskDegree": 0.87793,
    "withrawalRate": 0.00206,
    "comprehensiveScore": 45.073,
    "rows": 23,
    "latestCurveDate": "2026-06-09 00:00:00",
    "latestCurveNetWorth": 1.02476
  },
  "changes": []
}
{
  "checkedAt": "2026-06-11T08:00:03",
  "status": "changed",
  "sourceTradeDate": "2026-06-10",
  "summary": {
    "tradeDate": "2026-06-10",
    "rank": 325,
    "latestNetWorth": 1.02664,
    "rankNetWorth": 1.00183,
    "totalNetWorth": 1.02664,
    "equity": 3032542.84,
    "netProfit": 130463.84,
    "riskDegree": 0.80506,
    "withrawalRate": 0.00206,
    "comprehensiveScore": 45.268,
    "rows": 24,
    "latestCurveDate": "2026-06-10 00:00:00",
    "latestCurveNetWorth": 1.02664
  },
  "changes": [
    {
      "field": "tradeDate",
      "before": "2026-06-09",
      "after": "2026-06-10"
    },
    {
      "field": "rank",
      "before": 356,
      "after": 325
    },
    {
      "field": "latestNetWorth",
      "before": 1.02476,
      "after": 1.02664
    },
    {
      "field": "rankNetWorth",
      "before": 0.99794,
      "after": 1.00183
    },
    {
      "field": "totalNetWorth",
      "before": 1.02476,
      "after": 1.02664
    },
    {
      "field": "equity",
      "before": 5023370.52,
      "after": 3032542.84
    },
    {
      "field": "netProfit",
      "before": 121291.52,
      "after": 130463.84
    },
    {
      "field": "riskDegree",
      "before": 0.87793,
      "after": 0.80506
    },
    {
      "field": "comprehensiveScore",
      "before": 45.073,
      "after": 45.268
    },
    {
      "field": "rows",
      "before": 23,
      "after": 24
    },
    {
      "field": "latestCurveDate",
      "before": "2026-06-09 00:00:00",
      "after": "2026-06-10 00:00:00"
    },
    {
      "field": "latestCurveNetWorth",
      "before": 1.02476,
      "after": 1.02664
    }
  ]
}
{
  "checkedAt": "2026-06-12T08:00:02",
  "status": "no_change",
  "sourceTradeDate": "2026-06-11",
  "summary": {
    "tradeDate": "2026-06-11",
    "rank": 315,
    "latestNetWorth": 1.028,
    "rankNetWorth": 1.00132,
    "totalNetWorth": 1.028,
    "equity": 3036538.89,
    "netProfit": 134459.89,
    "riskDegree": 0.87195,
    "withrawalRate": 0.00206,
    "comprehensiveScore": 45.439,
    "rows": 25,
    "latestCurveDate": "2026-06-11 00:00:00",
    "latestCurveNetWorth": 1.028
  },
  "changes": []
}
{
  "checkedAt": "2026-06-13T08:00:01",
  "status": "no_change",
  "sourceTradeDate": "2026-06-12",
  "summary": {
    "tradeDate": "2026-06-12",
    "rank": 342,
    "latestNetWorth": 1.02558,
    "rankNetWorth": 0.99765,
    "totalNetWorth": 1.02558,
    "equity": 3029402.78,
    "netProfit": 127323.78,
    "riskDegree": 0.96903,
    "withrawalRate": 0.00235,
    "comprehensiveScore": 44.866,
    "rows": 26,
    "latestCurveDate": "2026-06-12 00:00:00",
    "latestCurveNetWorth": 1.02558
  },
  "changes": []
}
{
  "checkedAt": "2026-06-14T08:00:01",
  "status": "no_change",
  "sourceTradeDate": "2026-06-12",
  "summary": {
    "tradeDate": "2026-06-12",
    "rank": 342,
    "latestNetWorth": 1.02558,
    "rankNetWorth": 0.99765,
    "totalNetWorth": 1.02558,
    "equity": 3029402.78,
    "netProfit": 127323.78,
    "riskDegree": 0.96903,
    "withrawalRate": 0.00235,
    "comprehensiveScore": 44.866,
    "rows": 26,
    "latestCurveDate": "2026-06-12 00:00:00",
    "latestCurveNetWorth": 1.02558
  },
  "changes": []
}
{
  "checkedAt": "2026-06-15T08:00:02",
  "status": "no_change",
  "sourceTradeDate": "2026-06-12",
  "summary": {
    "tradeDate": "2026-06-12",
    "rank": 342,
    "latestNetWorth": 1.02558,
    "rankNetWorth": 0.99765,
    "totalNetWorth": 1.02558,
    "equity": 3029402.78,
    "netProfit": 127323.78,
    "riskDegree": 0.96903,
    "withrawalRate": 0.00235,
    "comprehensiveScore": 44.866,
    "rows": 26,
    "latestCurveDate": "2026-06-12 00:00:00",
    "latestCurveNetWorth": 1.02558
  },
  "changes": []
}
